2025-02-24 22:49:55,992 - INFO - New contact created: pp kk'
2025-02-24 22:51:31,024 - ERROR - Invalid Email: p@gmail,com
2025-02-24 23:09:02,239 - INFO - Address Book Program - Logging started.
2025-02-24 23:09:42,436 - INFO - Contact added: pp kk
2025-02-24 23:15:28,344 - INFO - Address Book Program - Logging started.
2025-02-24 23:15:36,834 - INFO - Displayed Address Book: Empty
2025-02-24 23:16:00,695 - INFO - Contact added: pp kk
2025-02-24 23:16:32,989 - INFO - Contact updated: pp kk
2025-02-24 23:16:35,815 - INFO - Displayed Address Book Contacts
2025-02-24 23:16:55,313 - INFO - Exiting Address Book Application.
2025-02-24 23:21:19,315 - INFO - Address Book Program - Logging started.
2025-02-24 23:21:27,584 - INFO - Displayed Address Book: Empty
2025-02-24 23:21:49,488 - INFO - Contact added: pp kk
2025-02-24 23:21:56,364 - INFO - Contact deleted: pp kk
2025-02-24 23:22:00,353 - INFO - Displayed Address Book: Empty
2025-02-24 23:25:48,110 - INFO - Address Book Program - Logging started.
2025-02-24 23:27:06,995 - INFO - Exiting Address Book Application.
2025-02-24 23:27:12,990 - INFO - Address Book Program - Logging started.
2025-02-24 23:27:39,884 - INFO - Contact added: pp kk
2025-02-24 23:29:27,490 - INFO - Contact added: aa ss
2025-02-24 23:29:34,399 - INFO - Displayed Address Book Contacts
2025-02-24 23:29:51,094 - INFO - Exiting Address Book Application.
2025-02-24 23:34:22,483 - INFO - Address Book System - Logging started.
2025-02-24 23:34:48,852 - INFO - New Address Book created: contacts
2025-02-24 23:35:19,216 - INFO - Contact added in contacts: pk mm
2025-02-24 23:36:32,489 - INFO - Displayed Address Book 'contacts' Contacts
2025-02-24 23:36:39,729 - INFO - Exiting Address Book Application.
